[0.076s] DEBUG:colcon:Command line arguments: ['/usr/bin/colcon', 'build', '--symlink-install', '--parallel-workers', '2', '--base-paths', 'src', '--packages-skip', 'im4age_to_depth_generation', '--cmake-args', '-DCMAKE_EXPORT_COMPILE_COMMANDS=ON', '-DCMAKE_BUILD_TYPE=Release']
[0.076s] DEBUG:colcon:Parsed command line arguments: Namespace(log_base=None, log_level=None, verb_name='build', build_base='build', install_base='install', merge_install=False, symlink_install=True, test_result_base=None, continue_on_error=False, executor='parallel', parallel_workers=2, event_handlers=None, ignore_user_meta=False, metas=['./colcon.meta'], base_paths=['src'], packages_ignore=None, packages_ignore_regex=None, paths=None, packages_up_to=None, packages_up_to_regex=None, packages_above=None, packages_above_and_dependencies=None, packages_above_depth=None, packages_select_by_dep=None, packages_skip_by_dep=None, packages_skip_up_to=None, packages_select_build_failed=False, packages_skip_build_finished=False, packages_select_test_failures=False, packages_skip_test_passed=False, packages_select=None, packages_skip=['im4age_to_depth_generation'], packages_select_regex=None, packages_skip_regex=None, packages_start=None, packages_end=None, allow_overriding=[], cmake_args=['-DCMAKE_EXPORT_COMPILE_COMMANDS=ON', '-DCMAKE_BUILD_TYPE=Release'], cmake_target=None, cmake_target_skip_unavailable=False, cmake_clean_cache=False, cmake_clean_first=False, cmake_force_configure=False, ament_cmake_args=None, catkin_cmake_args=None, catkin_skip_building_tests=False, verb_parser=<colcon_defaults.argument_parser.defaults.DefaultArgumentsDecorator object at 0x7df45807b3e0>, verb_extension=<colcon_core.verb.build.BuildVerb object at 0x7df45807b170>, main=<bound method BuildVerb.main of <colcon_core.verb.build.BuildVerb object at 0x7df45807b170>>)
[0.103s] Level 1:colcon.colcon_core.package_discovery:discover_packages(colcon_meta) check parameters
[0.103s] Level 1:colcon.colcon_core.package_discovery:discover_packages(recursive) check parameters
[0.104s] Level 1:colcon.colcon_core.package_discovery:discover_packages(ignore) check parameters
[0.104s] Level 1:colcon.colcon_core.package_discovery:discover_packages(path) check parameters
[0.104s] Level 1:colcon.colcon_core.package_discovery:discover_packages(recursive) discover
[0.104s] INFO:colcon.colcon_core.package_discovery:Crawling recursively for packages in '/home/kaipis/Desktop/projects/robotics/diffusion_robot_test_ws/src'
[0.104s] Level 1:colcon.colcon_core.package_identification:_identify(src) by extensions ['ignore', 'ignore_ament_install']
[0.104s] Level 1:colcon.colcon_core.package_identification:_identify(src) by extension 'ignore'
[0.104s] Level 1:colcon.colcon_core.package_identification:_identify(src) by extension 'ignore_ament_install'
[0.104s] Level 1:colcon.colcon_core.package_identification:_identify(src) by extensions ['colcon_pkg']
[0.104s] Level 1:colcon.colcon_core.package_identification:_identify(src) by extension 'colcon_pkg'
[0.104s] Level 1:colcon.colcon_core.package_identification:_identify(src) by extensions ['colcon_meta']
[0.104s] Level 1:colcon.colcon_core.package_identification:_identify(src) by extension 'colcon_meta'
[0.104s] Level 1:colcon.colcon_core.package_identification:_identify(src) by extensions ['ros']
[0.104s] Level 1:colcon.colcon_core.package_identification:_identify(src) by extension 'ros'
[0.121s] Level 1:colcon.colcon_core.package_identification:_identify(src) by extensions ['cmake', 'python']
[0.121s] Level 1:colcon.colcon_core.package_identification:_identify(src) by extension 'cmake'
[0.121s] Level 1:colcon.colcon_core.package_identification:_identify(src) by extension 'python'
[0.121s] Level 1:colcon.colcon_core.package_identification:_identify(src) by extensions ['python_setup_py']
[0.121s] Level 1:colcon.colcon_core.package_identification:_identify(src) by extension 'python_setup_py'
[0.121s] Level 1:colcon.colcon_core.package_discovery:discover_packages(recursive) using defaults
[0.121s] WARNING:colcon.colcon_core.package_selection:ignoring unknown package 'im4age_to_depth_generation' in --packages-skip
[0.134s] Level 1:colcon.colcon_core.package_discovery:discover_packages(prefix_path) check parameters
[0.134s] Level 1:colcon.colcon_core.package_discovery:discover_packages(prefix_path) discover
[0.136s] DEBUG:colcon.colcon_installed_package_information.package_discovery:Found 432 installed packages in /opt/ros/jazzy
[0.137s] Level 1:colcon.colcon_core.package_discovery:discover_packages(prefix_path) using defaults
[0.180s] INFO:colcon.colcon_core.executor:Executing jobs using 'parallel' executor
[0.181s] DEBUG:colcon.colcon_parallel_executor.executor.parallel:run_until_complete
[0.181s] DEBUG:colcon.colcon_parallel_executor.executor.parallel:closing loop
[0.181s] DEBUG:colcon.colcon_parallel_executor.executor.parallel:loop closed
[0.181s] DEBUG:colcon.colcon_parallel_executor.executor.parallel:run_until_complete finished with '0'
[0.181s] DEBUG:colcon.colcon_core.event_reactor:joining thread
[0.185s] INFO:colcon.colcon_core.plugin_system:Skipping extension 'colcon_notification.desktop_notification.terminal_notifier': Not used on non-Darwin systems
[0.185s] INFO:colcon.colcon_core.plugin_system:Skipping extension 'colcon_notification.desktop_notification.win32': Not used on non-Windows systems
[0.185s] INFO:colcon.colcon_notification.desktop_notification:Sending desktop notification using 'notify2'
[0.196s] DEBUG:colcon.colcon_core.event_reactor:joined thread
[0.197s] INFO:colcon.colcon_core.plugin_system:Skipping extension 'colcon_core.shell.bat': Not used on non-Windows systems
[0.198s] INFO:colcon.colcon_core.shell:Creating prefix script '/home/kaipis/Desktop/projects/robotics/diffusion_robot_test_ws/install/local_setup.ps1'
[0.198s] INFO:colcon.colcon_core.shell:Creating prefix util module '/home/kaipis/Desktop/projects/robotics/diffusion_robot_test_ws/install/_local_setup_util_ps1.py'
[0.199s] INFO:colcon.colcon_core.shell:Creating prefix chain script '/home/kaipis/Desktop/projects/robotics/diffusion_robot_test_ws/install/setup.ps1'
[0.200s] INFO:colcon.colcon_core.shell:Creating prefix script '/home/kaipis/Desktop/projects/robotics/diffusion_robot_test_ws/install/local_setup.sh'
[0.201s] INFO:colcon.colcon_core.shell:Creating prefix util module '/home/kaipis/Desktop/projects/robotics/diffusion_robot_test_ws/install/_local_setup_util_sh.py'
[0.201s] INFO:colcon.colcon_core.shell:Creating prefix chain script '/home/kaipis/Desktop/projects/robotics/diffusion_robot_test_ws/install/setup.sh'
[0.202s] INFO:colcon.colcon_core.shell:Creating prefix script '/home/kaipis/Desktop/projects/robotics/diffusion_robot_test_ws/install/local_setup.bash'
[0.202s] INFO:colcon.colcon_core.shell:Creating prefix chain script '/home/kaipis/Desktop/projects/robotics/diffusion_robot_test_ws/install/setup.bash'
[0.203s] INFO:colcon.colcon_core.shell:Creating prefix script '/home/kaipis/Desktop/projects/robotics/diffusion_robot_test_ws/install/local_setup.zsh'
[0.203s] INFO:colcon.colcon_core.shell:Creating prefix chain script '/home/kaipis/Desktop/projects/robotics/diffusion_robot_test_ws/install/setup.zsh'
